[2026-03-12 15:36:33] [INFO    ] discord.client: logging in using static token
[2026-03-12 15:36:36] [INFO    ] discord.gateway: Shard ID None has connected to Gateway (Session ID: 57617691a3367b87cd41eab24062d72f).
[2026-03-12 16:55:20] [INFO    ] discord.gateway: Shard ID None session has been invalidated.
[2026-03-12 16:55:51] [INFO    ] discord.gateway: Shard ID None has connected to Gateway (Session ID: 73c97dc7974489acbfeddc13e7969f9f).
[2026-03-12 16:55:58] [WARNING ] discord.state: Shard ID 0 timed out waiting for chunks for guild_id 1278530103097425942.
[2026-03-12 17:13:38] [ERROR   ] discord.client: Attempting a reconnect in 0.44s
Traceback (most recent call last):
  File "/Users/joshua/repos/WiseBot/bot-env/lib/python3.14/site-packages/aiohttp/connector.py", line 1298, in _wrap_create_connection
    sock = await aiohappyeyeballs.start_connection(
           ^^^^^^^^^^^^^^^^^^^^^^^^^^^^^^^^^^^^^^^^
    ...<6 lines>...
    )
    ^
  File "/Users/joshua/repos/WiseBot/bot-env/lib/python3.14/site-packages/aiohappyeyeballs/impl.py", line 122, in start_connection
    raise first_exception
  File "/Users/joshua/repos/WiseBot/bot-env/lib/python3.14/site-packages/aiohappyeyeballs/impl.py", line 73, in start_connection
    sock = await _connect_sock(
           ^^^^^^^^^^^^^^^^^^^^
    ...<6 lines>...
    )
    ^
  File "/Users/joshua/repos/WiseBot/bot-env/lib/python3.14/site-packages/aiohappyeyeballs/impl.py", line 208, in _connect_sock
    await loop.sock_connect(sock, address)
  File "/opt/homebrew/Cellar/python@3.14/3.14.3_1/Frameworks/Python.framework/Versions/3.14/lib/python3.14/asyncio/selector_events.py", line 645, in sock_connect
    return await fut
           ^^^^^^^^^
  File "/opt/homebrew/Cellar/python@3.14/3.14.3_1/Frameworks/Python.framework/Versions/3.14/lib/python3.14/asyncio/selector_events.py", line 653, in _sock_connect
    sock.connect(address)
    ~~~~~~~~~~~~^^^^^^^^^
OSError: [Errno 51] Network is unreachable

The above exception was the direct cause of the following exception:

Traceback (most recent call last):
  File "/Users/joshua/repos/WiseBot/bot-env/lib/python3.14/site-packages/discord/client.py", line 724, in connect
    self.ws = await asyncio.wait_for(coro, timeout=60.0)
              ^^^^^^^^^^^^^^^^^^^^^^^^^^^^^^^^^^^^^^^^^^
  File "/opt/homebrew/Cellar/python@3.14/3.14.3_1/Frameworks/Python.framework/Versions/3.14/lib/python3.14/asyncio/tasks.py", line 488, in wait_for
    return await fut
           ^^^^^^^^^
  File "/Users/joshua/repos/WiseBot/bot-env/lib/python3.14/site-packages/discord/gateway.py", line 383, in from_client
    socket = await client.http.ws_connect(str(url))
             ^^^^^^^^^^^^^^^^^^^^^^^^^^^^^^^^^^^^^^
  File "/Users/joshua/repos/WiseBot/bot-env/lib/python3.14/site-packages/discord/http.py", line 566, in ws_connect
    return await self.__session.ws_connect(url, **kwargs)
           ^^^^^^^^^^^^^^^^^^^^^^^^^^^^^^^^^^^^^^^^^^^^^^
  File "/Users/joshua/repos/WiseBot/bot-env/lib/python3.14/site-packages/aiohttp/client.py", line 1076, in _ws_connect
    resp = await self.request(
           ^^^^^^^^^^^^^^^^^^^
    ...<11 lines>...
    )
    ^
  File "/Users/joshua/repos/WiseBot/bot-env/lib/python3.14/site-packages/aiohttp/client.py", line 779, in _request
    resp = await handler(req)
           ^^^^^^^^^^^^^^^^^^
  File "/Users/joshua/repos/WiseBot/bot-env/lib/python3.14/site-packages/aiohttp/client.py", line 734, in _connect_and_send_request
    conn = await self._connector.connect(
           ^^^^^^^^^^^^^^^^^^^^^^^^^^^^^^
        req, traces=traces, timeout=real_timeout
        ^^^^^^^^^^^^^^^^^^^^^^^^^^^^^^^^^^^^^^^^
    )
    ^
  File "/Users/joshua/repos/WiseBot/bot-env/lib/python3.14/site-packages/aiohttp/connector.py", line 672, in connect
    proto = await self._create_connection(req, traces, timeout)
            ^^^^^^^^^^^^^^^^^^^^^^^^^^^^^^^^^^^^^^^^^^^^^^^^^^^
  File "/Users/joshua/repos/WiseBot/bot-env/lib/python3.14/site-packages/aiohttp/connector.py", line 1239, in _create_connection
    _, proto = await self._create_direct_connection(req, traces, timeout)
               ^^^^^^^^^^^^^^^^^^^^^^^^^^^^^^^^^^^^^^^^^^^^^^^^^^^^^^^^^^
  File "/Users/joshua/repos/WiseBot/bot-env/lib/python3.14/site-packages/aiohttp/connector.py", line 1611, in _create_direct_connection
    raise last_exc
  File "/Users/joshua/repos/WiseBot/bot-env/lib/python3.14/site-packages/aiohttp/connector.py", line 1580, in _create_direct_connection
    transp, proto = await self._wrap_create_connection(
                    ^^^^^^^^^^^^^^^^^^^^^^^^^^^^^^^^^^^
    ...<7 lines>...
    )
    ^
  File "/Users/joshua/repos/WiseBot/bot-env/lib/python3.14/site-packages/aiohttp/connector.py", line 1321, in _wrap_create_connection
    raise client_error(req.connection_key, exc) from exc
aiohttp.client_exceptions.ClientConnectorError: Cannot connect to host gateway-us-east1-d.discord.gg:443 ssl:default [Network is unreachable]
[2026-03-12 17:13:38] [ERROR   ] discord.client: Attempting a reconnect in 2.22s
Traceback (most recent call last):
  File "/Users/joshua/repos/WiseBot/bot-env/lib/python3.14/site-packages/aiohttp/connector.py", line 1298, in _wrap_create_connection
    sock = await aiohappyeyeballs.start_connection(
           ^^^^^^^^^^^^^^^^^^^^^^^^^^^^^^^^^^^^^^^^
    ...<6 lines>...
    )
    ^
  File "/Users/joshua/repos/WiseBot/bot-env/lib/python3.14/site-packages/aiohappyeyeballs/impl.py", line 122, in start_connection
    raise first_exception
  File "/Users/joshua/repos/WiseBot/bot-env/lib/python3.14/site-packages/aiohappyeyeballs/impl.py", line 73, in start_connection
    sock = await _connect_sock(
           ^^^^^^^^^^^^^^^^^^^^
    ...<6 lines>...
    )
    ^
  File "/Users/joshua/repos/WiseBot/bot-env/lib/python3.14/site-packages/aiohappyeyeballs/impl.py", line 208, in _connect_sock
    await loop.sock_connect(sock, address)
  File "/opt/homebrew/Cellar/python@3.14/3.14.3_1/Frameworks/Python.framework/Versions/3.14/lib/python3.14/asyncio/selector_events.py", line 645, in sock_connect
    return await fut
           ^^^^^^^^^
  File "/opt/homebrew/Cellar/python@3.14/3.14.3_1/Frameworks/Python.framework/Versions/3.14/lib/python3.14/asyncio/selector_events.py", line 653, in _sock_connect
    sock.connect(address)
    ~~~~~~~~~~~~^^^^^^^^^
OSError: [Errno 51] Network is unreachable

The above exception was the direct cause of the following exception:

Traceback (most recent call last):
  File "/Users/joshua/repos/WiseBot/bot-env/lib/python3.14/site-packages/discord/client.py", line 724, in connect
    self.ws = await asyncio.wait_for(coro, timeout=60.0)
              ^^^^^^^^^^^^^^^^^^^^^^^^^^^^^^^^^^^^^^^^^^
  File "/opt/homebrew/Cellar/python@3.14/3.14.3_1/Frameworks/Python.framework/Versions/3.14/lib/python3.14/asyncio/tasks.py", line 488, in wait_for
    return await fut
           ^^^^^^^^^
  File "/Users/joshua/repos/WiseBot/bot-env/lib/python3.14/site-packages/discord/gateway.py", line 383, in from_client
    socket = await client.http.ws_connect(str(url))
             ^^^^^^^^^^^^^^^^^^^^^^^^^^^^^^^^^^^^^^
  File "/Users/joshua/repos/WiseBot/bot-env/lib/python3.14/site-packages/discord/http.py", line 566, in ws_connect
    return await self.__session.ws_connect(url, **kwargs)
           ^^^^^^^^^^^^^^^^^^^^^^^^^^^^^^^^^^^^^^^^^^^^^^
  File "/Users/joshua/repos/WiseBot/bot-env/lib/python3.14/site-packages/aiohttp/client.py", line 1076, in _ws_connect
    resp = await self.request(
           ^^^^^^^^^^^^^^^^^^^
    ...<11 lines>...
    )
    ^
  File "/Users/joshua/repos/WiseBot/bot-env/lib/python3.14/site-packages/aiohttp/client.py", line 779, in _request
    resp = await handler(req)
           ^^^^^^^^^^^^^^^^^^
  File "/Users/joshua/repos/WiseBot/bot-env/lib/python3.14/site-packages/aiohttp/client.py", line 734, in _connect_and_send_request
    conn = await self._connector.connect(
           ^^^^^^^^^^^^^^^^^^^^^^^^^^^^^^
        req, traces=traces, timeout=real_timeout
        ^^^^^^^^^^^^^^^^^^^^^^^^^^^^^^^^^^^^^^^^
    )
    ^
  File "/Users/joshua/repos/WiseBot/bot-env/lib/python3.14/site-packages/aiohttp/connector.py", line 672, in connect
    proto = await self._create_connection(req, traces, timeout)
            ^^^^^^^^^^^^^^^^^^^^^^^^^^^^^^^^^^^^^^^^^^^^^^^^^^^
  File "/Users/joshua/repos/WiseBot/bot-env/lib/python3.14/site-packages/aiohttp/connector.py", line 1239, in _create_connection
    _, proto = await self._create_direct_connection(req, traces, timeout)
               ^^^^^^^^^^^^^^^^^^^^^^^^^^^^^^^^^^^^^^^^^^^^^^^^^^^^^^^^^^
  File "/Users/joshua/repos/WiseBot/bot-env/lib/python3.14/site-packages/aiohttp/connector.py", line 1611, in _create_direct_connection
    raise last_exc
  File "/Users/joshua/repos/WiseBot/bot-env/lib/python3.14/site-packages/aiohttp/connector.py", line 1580, in _create_direct_connection
    transp, proto = await self._wrap_create_connection(
                    ^^^^^^^^^^^^^^^^^^^^^^^^^^^^^^^^^^^
    ...<7 lines>...
    )
    ^
  File "/Users/joshua/repos/WiseBot/bot-env/lib/python3.14/site-packages/aiohttp/connector.py", line 1321, in _wrap_create_connection
    raise client_error(req.connection_key, exc) from exc
aiohttp.client_exceptions.ClientConnectorError: Cannot connect to host gateway-us-east1-d.discord.gg:443 ssl:default [Network is unreachable]
[2026-03-12 17:13:41] [INFO    ] discord.gateway: Shard ID None session has been invalidated.
[2026-03-12 17:13:49] [INFO    ] discord.gateway: Shard ID None has connected to Gateway (Session ID: 0c2c0f99aad8937a21964beb621fb950).
[2026-03-12 17:20:57] [INFO    ] discord.gateway: Shard ID None session has been invalidated.
[2026-03-12 17:21:07] [INFO    ] discord.gateway: Shard ID None has connected to Gateway (Session ID: ad4a98fe94776dcc875beccf7107420e).
[2026-03-12 18:08:55] [ERROR   ] discord.client: Attempting a reconnect in 0.18s
Traceback (most recent call last):
  File "/Users/joshua/repos/WiseBot/bot-env/lib/python3.14/site-packages/aiohttp/connector.py", line 1562, in _create_direct_connection
    hosts = await self._resolve_host(host, port, traces=traces)
            ^^^^^^^^^^^^^^^^^^^^^^^^^^^^^^^^^^^^^^^^^^^^^^^^^^^
  File "/Users/joshua/repos/WiseBot/bot-env/lib/python3.14/site-packages/aiohttp/connector.py", line 1178, in _resolve_host
    return await asyncio.shield(resolved_host_task)
           ^^^^^^^^^^^^^^^^^^^^^^^^^^^^^^^^^^^^^^^^
  File "/Users/joshua/repos/WiseBot/bot-env/lib/python3.14/site-packages/aiohttp/connector.py", line 1209, in _resolve_host_with_throttle
    addrs = await self._resolver.resolve(host, port, family=self._family)
            ^^^^^^^^^^^^^^^^^^^^^^^^^^^^^^^^^^^^^^^^^^^^^^^^^^^^^^^^^^^^^
  File "/Users/joshua/repos/WiseBot/bot-env/lib/python3.14/site-packages/aiohttp/resolver.py", line 40, in resolve
    infos = await self._loop.getaddrinfo(
            ^^^^^^^^^^^^^^^^^^^^^^^^^^^^^
    ...<5 lines>...
    )
    ^
  File "/opt/homebrew/Cellar/python@3.14/3.14.3_1/Frameworks/Python.framework/Versions/3.14/lib/python3.14/asyncio/base_events.py", line 936, in getaddrinfo
    return await self.run_in_executor(
           ^^^^^^^^^^^^^^^^^^^^^^^^^^^
        None, getaddr_func, host, port, family, type, proto, flags)
        ^^^^^^^^^^^^^^^^^^^^^^^^^^^^^^^^^^^^^^^^^^^^^^^^^^^^^^^^^^^
  File "/opt/homebrew/Cellar/python@3.14/3.14.3_1/Frameworks/Python.framework/Versions/3.14/lib/python3.14/concurrent/futures/thread.py", line 86, in run
    result = ctx.run(self.task)
  File "/opt/homebrew/Cellar/python@3.14/3.14.3_1/Frameworks/Python.framework/Versions/3.14/lib/python3.14/concurrent/futures/thread.py", line 73, in run
    return fn(*args, **kwargs)
  File "/opt/homebrew/Cellar/python@3.14/3.14.3_1/Frameworks/Python.framework/Versions/3.14/lib/python3.14/socket.py", line 983, in getaddrinfo
    for res in _socket.getaddrinfo(host, port, family, type, proto, flags):
               ~~~~~~~~~~~~~~~~~~~^^^^^^^^^^^^^^^^^^^^^^^^^^^^^^^^^^^^^^^^
socket.gaierror: [Errno 8] nodename nor servname provided, or not known

The above exception was the direct cause of the following exception:

Traceback (most recent call last):
  File "/Users/joshua/repos/WiseBot/bot-env/lib/python3.14/site-packages/discord/client.py", line 724, in connect
    self.ws = await asyncio.wait_for(coro, timeout=60.0)
              ^^^^^^^^^^^^^^^^^^^^^^^^^^^^^^^^^^^^^^^^^^
  File "/opt/homebrew/Cellar/python@3.14/3.14.3_1/Frameworks/Python.framework/Versions/3.14/lib/python3.14/asyncio/tasks.py", line 488, in wait_for
    return await fut
           ^^^^^^^^^
  File "/Users/joshua/repos/WiseBot/bot-env/lib/python3.14/site-packages/discord/gateway.py", line 383, in from_client
    socket = await client.http.ws_connect(str(url))
             ^^^^^^^^^^^^^^^^^^^^^^^^^^^^^^^^^^^^^^
  File "/Users/joshua/repos/WiseBot/bot-env/lib/python3.14/site-packages/discord/http.py", line 566, in ws_connect
    return await self.__session.ws_connect(url, **kwargs)
           ^^^^^^^^^^^^^^^^^^^^^^^^^^^^^^^^^^^^^^^^^^^^^^
  File "/Users/joshua/repos/WiseBot/bot-env/lib/python3.14/site-packages/aiohttp/client.py", line 1076, in _ws_connect
    resp = await self.request(
           ^^^^^^^^^^^^^^^^^^^
    ...<11 lines>...
    )
    ^
  File "/Users/joshua/repos/WiseBot/bot-env/lib/python3.14/site-packages/aiohttp/client.py", line 779, in _request
    resp = await handler(req)
           ^^^^^^^^^^^^^^^^^^
  File "/Users/joshua/repos/WiseBot/bot-env/lib/python3.14/site-packages/aiohttp/client.py", line 734, in _connect_and_send_request
    conn = await self._connector.connect(
           ^^^^^^^^^^^^^^^^^^^^^^^^^^^^^^
        req, traces=traces, timeout=real_timeout
        ^^^^^^^^^^^^^^^^^^^^^^^^^^^^^^^^^^^^^^^^
    )
    ^
  File "/Users/joshua/repos/WiseBot/bot-env/lib/python3.14/site-packages/aiohttp/connector.py", line 672, in connect
    proto = await self._create_connection(req, traces, timeout)
            ^^^^^^^^^^^^^^^^^^^^^^^^^^^^^^^^^^^^^^^^^^^^^^^^^^^
  File "/Users/joshua/repos/WiseBot/bot-env/lib/python3.14/site-packages/aiohttp/connector.py", line 1239, in _create_connection
    _, proto = await self._create_direct_connection(req, traces, timeout)
               ^^^^^^^^^^^^^^^^^^^^^^^^^^^^^^^^^^^^^^^^^^^^^^^^^^^^^^^^^^
  File "/Users/joshua/repos/WiseBot/bot-env/lib/python3.14/site-packages/aiohttp/connector.py", line 1568, in _create_direct_connection
    raise ClientConnectorDNSError(req.connection_key, exc) from exc
aiohttp.client_exceptions.ClientConnectorDNSError: Cannot connect to host gateway-us-east1-d.discord.gg:443 ssl:default [nodename nor servname provided, or not known]
[2026-03-12 18:33:39] [INFO    ] discord.gateway: Shard ID None session has been invalidated.
[2026-03-12 18:33:45] [INFO    ] discord.gateway: Shard ID None has connected to Gateway (Session ID: e9e1770aa7b42f13e8ac547fc9da5415).
[2026-03-12 18:34:29] [WARNING ] discord.gateway: Can't keep up, shard ID None websocket is 32.3s behind.
[2026-03-12 18:35:43] [WARNING ] discord.gateway: Can't keep up, shard ID None websocket is 23.1s behind.
[2026-03-12 19:06:39] [INFO    ] discord.gateway: Shard ID None session has been invalidated.
[2026-03-12 19:06:44] [INFO    ] discord.gateway: Shard ID None has connected to Gateway (Session ID: 7cc3114752da5eb5f0bb13e613b99683).
[2026-03-12 19:10:29] [INFO    ] discord.gateway: Shard ID None session has been invalidated.
[2026-03-12 19:11:21] [INFO    ] discord.gateway: Shard ID None has connected to Gateway (Session ID: 4060522ad8d8dd934bb04d6771e8bb93).
[2026-03-12 19:18:10] [INFO    ] discord.gateway: Shard ID None session has been invalidated.
[2026-03-12 19:18:58] [INFO    ] discord.gateway: Shard ID None has connected to Gateway (Session ID: 5c49537164c8c9ebde316d18675126aa).
[2026-03-12 19:33:10] [INFO    ] discord.gateway: Shard ID None session has been invalidated.
[2026-03-12 19:33:15] [INFO    ] discord.gateway: Shard ID None has connected to Gateway (Session ID: 024ba292a491945273ea4253dc9d5e1c).
[2026-03-12 20:23:25] [INFO    ] discord.gateway: Shard ID None session has been invalidated.
[2026-03-12 20:23:31] [INFO    ] discord.gateway: Shard ID None has connected to Gateway (Session ID: 28161946db1d3d5d84933949603e006f).
[2026-03-12 20:38:40] [ERROR   ] discord.client: Attempting a reconnect in 4.17s
Traceback (most recent call last):
  File "/Users/joshua/repos/WiseBot/bot-env/lib/python3.14/site-packages/aiohttp/connector.py", line 1562, in _create_direct_connection
    hosts = await self._resolve_host(host, port, traces=traces)
            ^^^^^^^^^^^^^^^^^^^^^^^^^^^^^^^^^^^^^^^^^^^^^^^^^^^
  File "/Users/joshua/repos/WiseBot/bot-env/lib/python3.14/site-packages/aiohttp/connector.py", line 1178, in _resolve_host
    return await asyncio.shield(resolved_host_task)
           ^^^^^^^^^^^^^^^^^^^^^^^^^^^^^^^^^^^^^^^^
  File "/Users/joshua/repos/WiseBot/bot-env/lib/python3.14/site-packages/aiohttp/connector.py", line 1209, in _resolve_host_with_throttle
    addrs = await self._resolver.resolve(host, port, family=self._family)
            ^^^^^^^^^^^^^^^^^^^^^^^^^^^^^^^^^^^^^^^^^^^^^^^^^^^^^^^^^^^^^
  File "/Users/joshua/repos/WiseBot/bot-env/lib/python3.14/site-packages/aiohttp/resolver.py", line 40, in resolve
    infos = await self._loop.getaddrinfo(
            ^^^^^^^^^^^^^^^^^^^^^^^^^^^^^
    ...<5 lines>...
    )
    ^
  File "/opt/homebrew/Cellar/python@3.14/3.14.3_1/Frameworks/Python.framework/Versions/3.14/lib/python3.14/asyncio/base_events.py", line 936, in getaddrinfo
    return await self.run_in_executor(
           ^^^^^^^^^^^^^^^^^^^^^^^^^^^
        None, getaddr_func, host, port, family, type, proto, flags)
        ^^^^^^^^^^^^^^^^^^^^^^^^^^^^^^^^^^^^^^^^^^^^^^^^^^^^^^^^^^^
  File "/opt/homebrew/Cellar/python@3.14/3.14.3_1/Frameworks/Python.framework/Versions/3.14/lib/python3.14/concurrent/futures/thread.py", line 86, in run
    result = ctx.run(self.task)
  File "/opt/homebrew/Cellar/python@3.14/3.14.3_1/Frameworks/Python.framework/Versions/3.14/lib/python3.14/concurrent/futures/thread.py", line 73, in run
    return fn(*args, **kwargs)
  File "/opt/homebrew/Cellar/python@3.14/3.14.3_1/Frameworks/Python.framework/Versions/3.14/lib/python3.14/socket.py", line 983, in getaddrinfo
    for res in _socket.getaddrinfo(host, port, family, type, proto, flags):
               ~~~~~~~~~~~~~~~~~~~^^^^^^^^^^^^^^^^^^^^^^^^^^^^^^^^^^^^^^^^
socket.gaierror: [Errno 8] nodename nor servname provided, or not known

The above exception was the direct cause of the following exception:

Traceback (most recent call last):
  File "/Users/joshua/repos/WiseBot/bot-env/lib/python3.14/site-packages/discord/client.py", line 724, in connect
    self.ws = await asyncio.wait_for(coro, timeout=60.0)
              ^^^^^^^^^^^^^^^^^^^^^^^^^^^^^^^^^^^^^^^^^^
  File "/opt/homebrew/Cellar/python@3.14/3.14.3_1/Frameworks/Python.framework/Versions/3.14/lib/python3.14/asyncio/tasks.py", line 488, in wait_for
    return await fut
           ^^^^^^^^^
  File "/Users/joshua/repos/WiseBot/bot-env/lib/python3.14/site-packages/discord/gateway.py", line 383, in from_client
    socket = await client.http.ws_connect(str(url))
             ^^^^^^^^^^^^^^^^^^^^^^^^^^^^^^^^^^^^^^
  File "/Users/joshua/repos/WiseBot/bot-env/lib/python3.14/site-packages/discord/http.py", line 566, in ws_connect
    return await self.__session.ws_connect(url, **kwargs)
           ^^^^^^^^^^^^^^^^^^^^^^^^^^^^^^^^^^^^^^^^^^^^^^
  File "/Users/joshua/repos/WiseBot/bot-env/lib/python3.14/site-packages/aiohttp/client.py", line 1076, in _ws_connect
    resp = await self.request(
           ^^^^^^^^^^^^^^^^^^^
    ...<11 lines>...
    )
    ^
  File "/Users/joshua/repos/WiseBot/bot-env/lib/python3.14/site-packages/aiohttp/client.py", line 779, in _request
    resp = await handler(req)
           ^^^^^^^^^^^^^^^^^^
  File "/Users/joshua/repos/WiseBot/bot-env/lib/python3.14/site-packages/aiohttp/client.py", line 734, in _connect_and_send_request
    conn = await self._connector.connect(
           ^^^^^^^^^^^^^^^^^^^^^^^^^^^^^^
        req, traces=traces, timeout=real_timeout
        ^^^^^^^^^^^^^^^^^^^^^^^^^^^^^^^^^^^^^^^^
    )
    ^
  File "/Users/joshua/repos/WiseBot/bot-env/lib/python3.14/site-packages/aiohttp/connector.py", line 672, in connect
    proto = await self._create_connection(req, traces, timeout)
            ^^^^^^^^^^^^^^^^^^^^^^^^^^^^^^^^^^^^^^^^^^^^^^^^^^^
  File "/Users/joshua/repos/WiseBot/bot-env/lib/python3.14/site-packages/aiohttp/connector.py", line 1239, in _create_connection
    _, proto = await self._create_direct_connection(req, traces, timeout)
               ^^^^^^^^^^^^^^^^^^^^^^^^^^^^^^^^^^^^^^^^^^^^^^^^^^^^^^^^^^
  File "/Users/joshua/repos/WiseBot/bot-env/lib/python3.14/site-packages/aiohttp/connector.py", line 1568, in _create_direct_connection
    raise ClientConnectorDNSError(req.connection_key, exc) from exc
aiohttp.client_exceptions.ClientConnectorDNSError: Cannot connect to host gateway-us-east1-d.discord.gg:443 ssl:default [nodename nor servname provided, or not known]
[2026-03-12 20:44:18] [ERROR   ] discord.client: Attempting a reconnect in 24.29s
Traceback (most recent call last):
  File "/Users/joshua/repos/WiseBot/bot-env/lib/python3.14/site-packages/aiohttp/connector.py", line 1562, in _create_direct_connection
    hosts = await self._resolve_host(host, port, traces=traces)
            ^^^^^^^^^^^^^^^^^^^^^^^^^^^^^^^^^^^^^^^^^^^^^^^^^^^
  File "/Users/joshua/repos/WiseBot/bot-env/lib/python3.14/site-packages/aiohttp/connector.py", line 1178, in _resolve_host
    return await asyncio.shield(resolved_host_task)
           ^^^^^^^^^^^^^^^^^^^^^^^^^^^^^^^^^^^^^^^^
  File "/Users/joshua/repos/WiseBot/bot-env/lib/python3.14/site-packages/aiohttp/connector.py", line 1209, in _resolve_host_with_throttle
    addrs = await self._resolver.resolve(host, port, family=self._family)
            ^^^^^^^^^^^^^^^^^^^^^^^^^^^^^^^^^^^^^^^^^^^^^^^^^^^^^^^^^^^^^
  File "/Users/joshua/repos/WiseBot/bot-env/lib/python3.14/site-packages/aiohttp/resolver.py", line 40, in resolve
    infos = await self._loop.getaddrinfo(
            ^^^^^^^^^^^^^^^^^^^^^^^^^^^^^
    ...<5 lines>...
    )
    ^
  File "/opt/homebrew/Cellar/python@3.14/3.14.3_1/Frameworks/Python.framework/Versions/3.14/lib/python3.14/asyncio/base_events.py", line 936, in getaddrinfo
    return await self.run_in_executor(
           ^^^^^^^^^^^^^^^^^^^^^^^^^^^
        None, getaddr_func, host, port, family, type, proto, flags)
        ^^^^^^^^^^^^^^^^^^^^^^^^^^^^^^^^^^^^^^^^^^^^^^^^^^^^^^^^^^^
  File "/opt/homebrew/Cellar/python@3.14/3.14.3_1/Frameworks/Python.framework/Versions/3.14/lib/python3.14/concurrent/futures/thread.py", line 86, in run
    result = ctx.run(self.task)
  File "/opt/homebrew/Cellar/python@3.14/3.14.3_1/Frameworks/Python.framework/Versions/3.14/lib/python3.14/concurrent/futures/thread.py", line 73, in run
    return fn(*args, **kwargs)
  File "/opt/homebrew/Cellar/python@3.14/3.14.3_1/Frameworks/Python.framework/Versions/3.14/lib/python3.14/socket.py", line 983, in getaddrinfo
    for res in _socket.getaddrinfo(host, port, family, type, proto, flags):
               ~~~~~~~~~~~~~~~~~~~^^^^^^^^^^^^^^^^^^^^^^^^^^^^^^^^^^^^^^^^
socket.gaierror: [Errno 8] nodename nor servname provided, or not known

The above exception was the direct cause of the following exception:

Traceback (most recent call last):
  File "/Users/joshua/repos/WiseBot/bot-env/lib/python3.14/site-packages/discord/client.py", line 724, in connect
    self.ws = await asyncio.wait_for(coro, timeout=60.0)
              ^^^^^^^^^^^^^^^^^^^^^^^^^^^^^^^^^^^^^^^^^^
  File "/opt/homebrew/Cellar/python@3.14/3.14.3_1/Frameworks/Python.framework/Versions/3.14/lib/python3.14/asyncio/tasks.py", line 488, in wait_for
    return await fut
           ^^^^^^^^^
  File "/Users/joshua/repos/WiseBot/bot-env/lib/python3.14/site-packages/discord/gateway.py", line 383, in from_client
    socket = await client.http.ws_connect(str(url))
             ^^^^^^^^^^^^^^^^^^^^^^^^^^^^^^^^^^^^^^
  File "/Users/joshua/repos/WiseBot/bot-env/lib/python3.14/site-packages/discord/http.py", line 566, in ws_connect
    return await self.__session.ws_connect(url, **kwargs)
           ^^^^^^^^^^^^^^^^^^^^^^^^^^^^^^^^^^^^^^^^^^^^^^
  File "/Users/joshua/repos/WiseBot/bot-env/lib/python3.14/site-packages/aiohttp/client.py", line 1076, in _ws_connect
    resp = await self.request(
           ^^^^^^^^^^^^^^^^^^^
    ...<11 lines>...
    )
    ^
  File "/Users/joshua/repos/WiseBot/bot-env/lib/python3.14/site-packages/aiohttp/client.py", line 779, in _request
    resp = await handler(req)
           ^^^^^^^^^^^^^^^^^^
  File "/Users/joshua/repos/WiseBot/bot-env/lib/python3.14/site-packages/aiohttp/client.py", line 734, in _connect_and_send_request
    conn = await self._connector.connect(
           ^^^^^^^^^^^^^^^^^^^^^^^^^^^^^^
        req, traces=traces, timeout=real_timeout
        ^^^^^^^^^^^^^^^^^^^^^^^^^^^^^^^^^^^^^^^^
    )
    ^
  File "/Users/joshua/repos/WiseBot/bot-env/lib/python3.14/site-packages/aiohttp/connector.py", line 672, in connect
    proto = await self._create_connection(req, traces, timeout)
            ^^^^^^^^^^^^^^^^^^^^^^^^^^^^^^^^^^^^^^^^^^^^^^^^^^^
  File "/Users/joshua/repos/WiseBot/bot-env/lib/python3.14/site-packages/aiohttp/connector.py", line 1239, in _create_connection
    _, proto = await self._create_direct_connection(req, traces, timeout)
               ^^^^^^^^^^^^^^^^^^^^^^^^^^^^^^^^^^^^^^^^^^^^^^^^^^^^^^^^^^
  File "/Users/joshua/repos/WiseBot/bot-env/lib/python3.14/site-packages/aiohttp/connector.py", line 1568, in _create_direct_connection
    raise ClientConnectorDNSError(req.connection_key, exc) from exc
aiohttp.client_exceptions.ClientConnectorDNSError: Cannot connect to host gateway-us-east1-d.discord.gg:443 ssl:default [nodename nor servname provided, or not known]
[2026-03-12 21:25:59] [ERROR   ] discord.client: Attempting a reconnect in 48.65s
Traceback (most recent call last):
  File "/Users/joshua/repos/WiseBot/bot-env/lib/python3.14/site-packages/aiohttp/connector.py", line 1562, in _create_direct_connection
    hosts = await self._resolve_host(host, port, traces=traces)
            ^^^^^^^^^^^^^^^^^^^^^^^^^^^^^^^^^^^^^^^^^^^^^^^^^^^
  File "/Users/joshua/repos/WiseBot/bot-env/lib/python3.14/site-packages/aiohttp/connector.py", line 1178, in _resolve_host
    return await asyncio.shield(resolved_host_task)
           ^^^^^^^^^^^^^^^^^^^^^^^^^^^^^^^^^^^^^^^^
  File "/Users/joshua/repos/WiseBot/bot-env/lib/python3.14/site-packages/aiohttp/connector.py", line 1209, in _resolve_host_with_throttle
    addrs = await self._resolver.resolve(host, port, family=self._family)
            ^^^^^^^^^^^^^^^^^^^^^^^^^^^^^^^^^^^^^^^^^^^^^^^^^^^^^^^^^^^^^
  File "/Users/joshua/repos/WiseBot/bot-env/lib/python3.14/site-packages/aiohttp/resolver.py", line 40, in resolve
    infos = await self._loop.getaddrinfo(
            ^^^^^^^^^^^^^^^^^^^^^^^^^^^^^
    ...<5 lines>...
    )
    ^
  File "/opt/homebrew/Cellar/python@3.14/3.14.3_1/Frameworks/Python.framework/Versions/3.14/lib/python3.14/asyncio/base_events.py", line 936, in getaddrinfo
    return await self.run_in_executor(
           ^^^^^^^^^^^^^^^^^^^^^^^^^^^
        None, getaddr_func, host, port, family, type, proto, flags)
        ^^^^^^^^^^^^^^^^^^^^^^^^^^^^^^^^^^^^^^^^^^^^^^^^^^^^^^^^^^^
  File "/opt/homebrew/Cellar/python@3.14/3.14.3_1/Frameworks/Python.framework/Versions/3.14/lib/python3.14/concurrent/futures/thread.py", line 86, in run
    result = ctx.run(self.task)
  File "/opt/homebrew/Cellar/python@3.14/3.14.3_1/Frameworks/Python.framework/Versions/3.14/lib/python3.14/concurrent/futures/thread.py", line 73, in run
    return fn(*args, **kwargs)
  File "/opt/homebrew/Cellar/python@3.14/3.14.3_1/Frameworks/Python.framework/Versions/3.14/lib/python3.14/socket.py", line 983, in getaddrinfo
    for res in _socket.getaddrinfo(host, port, family, type, proto, flags):
               ~~~~~~~~~~~~~~~~~~~^^^^^^^^^^^^^^^^^^^^^^^^^^^^^^^^^^^^^^^^
socket.gaierror: [Errno 8] nodename nor servname provided, or not known

The above exception was the direct cause of the following exception:

Traceback (most recent call last):
  File "/Users/joshua/repos/WiseBot/bot-env/lib/python3.14/site-packages/discord/client.py", line 724, in connect
    self.ws = await asyncio.wait_for(coro, timeout=60.0)
              ^^^^^^^^^^^^^^^^^^^^^^^^^^^^^^^^^^^^^^^^^^
  File "/opt/homebrew/Cellar/python@3.14/3.14.3_1/Frameworks/Python.framework/Versions/3.14/lib/python3.14/asyncio/tasks.py", line 488, in wait_for
    return await fut
           ^^^^^^^^^
  File "/Users/joshua/repos/WiseBot/bot-env/lib/python3.14/site-packages/discord/gateway.py", line 383, in from_client
    socket = await client.http.ws_connect(str(url))
             ^^^^^^^^^^^^^^^^^^^^^^^^^^^^^^^^^^^^^^
  File "/Users/joshua/repos/WiseBot/bot-env/lib/python3.14/site-packages/discord/http.py", line 566, in ws_connect
    return await self.__session.ws_connect(url, **kwargs)
           ^^^^^^^^^^^^^^^^^^^^^^^^^^^^^^^^^^^^^^^^^^^^^^
  File "/Users/joshua/repos/WiseBot/bot-env/lib/python3.14/site-packages/aiohttp/client.py", line 1076, in _ws_connect
    resp = await self.request(
           ^^^^^^^^^^^^^^^^^^^
    ...<11 lines>...
    )
    ^
  File "/Users/joshua/repos/WiseBot/bot-env/lib/python3.14/site-packages/aiohttp/client.py", line 779, in _request
    resp = await handler(req)
           ^^^^^^^^^^^^^^^^^^
  File "/Users/joshua/repos/WiseBot/bot-env/lib/python3.14/site-packages/aiohttp/client.py", line 734, in _connect_and_send_request
    conn = await self._connector.connect(
           ^^^^^^^^^^^^^^^^^^^^^^^^^^^^^^
        req, traces=traces, timeout=real_timeout
        ^^^^^^^^^^^^^^^^^^^^^^^^^^^^^^^^^^^^^^^^
    )
    ^
  File "/Users/joshua/repos/WiseBot/bot-env/lib/python3.14/site-packages/aiohttp/connector.py", line 672, in connect
    proto = await self._create_connection(req, traces, timeout)
            ^^^^^^^^^^^^^^^^^^^^^^^^^^^^^^^^^^^^^^^^^^^^^^^^^^^
  File "/Users/joshua/repos/WiseBot/bot-env/lib/python3.14/site-packages/aiohttp/connector.py", line 1239, in _create_connection
    _, proto = await self._create_direct_connection(req, traces, timeout)
               ^^^^^^^^^^^^^^^^^^^^^^^^^^^^^^^^^^^^^^^^^^^^^^^^^^^^^^^^^^
  File "/Users/joshua/repos/WiseBot/bot-env/lib/python3.14/site-packages/aiohttp/connector.py", line 1568, in _create_direct_connection
    raise ClientConnectorDNSError(req.connection_key, exc) from exc
aiohttp.client_exceptions.ClientConnectorDNSError: Cannot connect to host gateway-us-east1-d.discord.gg:443 ssl:default [nodename nor servname provided, or not known]
[2026-03-12 21:35:32] [INFO    ] discord.gateway: Shard ID None session has been invalidated.
[2026-03-12 21:47:20] [INFO    ] discord.gateway: Shard ID None session has been invalidated.
[2026-03-12 22:04:01] [ERROR   ] discord.client: Attempting a reconnect in 45.71s
Traceback (most recent call last):
  File "/Users/joshua/repos/WiseBot/bot-env/lib/python3.14/site-packages/discord/client.py", line 724, in connect
    self.ws = await asyncio.wait_for(coro, timeout=60.0)
              ^^^^^^^^^^^^^^^^^^^^^^^^^^^^^^^^^^^^^^^^^^
  File "/opt/homebrew/Cellar/python@3.14/3.14.3_1/Frameworks/Python.framework/Versions/3.14/lib/python3.14/asyncio/tasks.py", line 488, in wait_for
    return await fut
           ^^^^^^^^^
  File "/Users/joshua/repos/WiseBot/bot-env/lib/python3.14/site-packages/discord/gateway.py", line 413, in from_client
    await ws.identify()
  File "/Users/joshua/repos/WiseBot/bot-env/lib/python3.14/site-packages/discord/gateway.py", line 481, in identify
    await self.send_as_json(payload)
  File "/Users/joshua/repos/WiseBot/bot-env/lib/python3.14/site-packages/discord/gateway.py", line 671, in send_as_json
    await self.send(utils._to_json(data))
  File "/Users/joshua/repos/WiseBot/bot-env/lib/python3.14/site-packages/discord/gateway.py", line 667, in send
    await self.socket.send_str(data)
  File "/Users/joshua/repos/WiseBot/bot-env/lib/python3.14/site-packages/aiohttp/client_ws.py", line 245, in send_str
    await self._writer.send_frame(
        data.encode("utf-8"), WSMsgType.TEXT, compress=compress
    )
  File "/Users/joshua/repos/WiseBot/bot-env/lib/python3.14/site-packages/aiohttp/_websocket/writer.py", line 83, in send_frame
    self._write_websocket_frame(message, opcode, 0)
    ~~~~~~~~~~~~~~~~~~~~~~~~~~~^^^^^^^^^^^^^^^^^^^^
  File "/Users/joshua/repos/WiseBot/bot-env/lib/python3.14/site-packages/aiohttp/_websocket/writer.py", line 151, in _write_websocket_frame
    raise ClientConnectionResetError("Cannot write to closing transport")
aiohttp.client_exceptions.ClientConnectionResetError: Cannot write to closing transport
[2026-03-12 22:25:39] [INFO    ] discord.gateway: Shard ID None session has been invalidated.
[2026-03-12 22:28:53] [INFO    ] discord.gateway: Shard ID None session has been invalidated.
[2026-03-12 22:29:21] [INFO    ] discord.gateway: Shard ID None has connected to Gateway (Session ID: 78ef5139385cf509723dabc9fa0d5166).
[2026-03-12 22:29:44] [WARNING ] discord.gateway: Can't keep up, shard ID None websocket is 18.2s behind.
[2026-03-12 22:30:41] [WARNING ] discord.gateway: Can't keep up, shard ID None websocket is 20.2s behind.
[2026-03-12 22:31:31] [WARNING ] discord.gateway: Can't keep up, shard ID None websocket is 28.4s behind.
[2026-03-12 22:47:37] [INFO    ] discord.gateway: Shard ID None session has been invalidated.
[2026-03-12 23:03:39] [INFO    ] discord.gateway: Shard ID None session has been invalidated.
[2026-03-12 23:20:02] [INFO    ] discord.gateway: Shard ID None session has been invalidated.
[2026-03-12 23:37:34] [INFO    ] discord.gateway: Shard ID None session has been invalidated.
[2026-03-12 23:48:39] [INFO    ] discord.gateway: Shard ID None session has been invalidated.
[2026-03-12 23:49:36] [INFO    ] discord.gateway: Shard ID None has connected to Gateway (Session ID: de256a51a84babc40d2aa3d1ba093325).
[2026-03-13 00:21:58] [INFO    ] discord.gateway: Shard ID None session has been invalidated.
[2026-03-13 00:22:04] [INFO    ] discord.gateway: Shard ID None has connected to Gateway (Session ID: fa9fe5031a1213c51f9d8cd78d3cb74e).
[2026-03-13 01:58:18] [INFO    ] discord.gateway: Shard ID None session has been invalidated.
[2026-03-13 02:10:16] [INFO    ] discord.gateway: Shard ID None session has been invalidated.
[2026-03-13 04:53:12] [ERROR   ] discord.client: Attempting a reconnect in 18.55s
Traceback (most recent call last):
  File "/opt/homebrew/Cellar/python@3.14/3.14.3_1/Frameworks/Python.framework/Versions/3.14/lib/python3.14/asyncio/tasks.py", line 488, in wait_for
    return await fut
           ^^^^^^^^^
  File "/Users/joshua/repos/WiseBot/bot-env/lib/python3.14/site-packages/discord/gateway.py", line 383, in from_client
    socket = await client.http.ws_connect(str(url))
             ^^^^^^^^^^^^^^^^^^^^^^^^^^^^^^^^^^^^^^
  File "/Users/joshua/repos/WiseBot/bot-env/lib/python3.14/site-packages/discord/http.py", line 566, in ws_connect
    return await self.__session.ws_connect(url, **kwargs)
           ^^^^^^^^^^^^^^^^^^^^^^^^^^^^^^^^^^^^^^^^^^^^^^
  File "/Users/joshua/repos/WiseBot/bot-env/lib/python3.14/site-packages/aiohttp/client.py", line 1076, in _ws_connect
    resp = await self.request(
           ^^^^^^^^^^^^^^^^^^^
    ...<11 lines>...
    )
    ^
  File "/Users/joshua/repos/WiseBot/bot-env/lib/python3.14/site-packages/aiohttp/client.py", line 779, in _request
    resp = await handler(req)
           ^^^^^^^^^^^^^^^^^^
  File "/Users/joshua/repos/WiseBot/bot-env/lib/python3.14/site-packages/aiohttp/client.py", line 757, in _connect_and_send_request
    await resp.start(conn)
  File "/Users/joshua/repos/WiseBot/bot-env/lib/python3.14/site-packages/aiohttp/client_reqrep.py", line 539, in start
    message, payload = await protocol.read()  # type: ignore[union-attr]
                       ^^^^^^^^^^^^^^^^^^^^^
  File "/Users/joshua/repos/WiseBot/bot-env/lib/python3.14/site-packages/aiohttp/streams.py", line 703, in read
    await self._waiter
asyncio.exceptions.CancelledError

The above exception was the direct cause of the following exception:

Traceback (most recent call last):
  File "/Users/joshua/repos/WiseBot/bot-env/lib/python3.14/site-packages/discord/client.py", line 724, in connect
    self.ws = await asyncio.wait_for(coro, timeout=60.0)
              ^^^^^^^^^^^^^^^^^^^^^^^^^^^^^^^^^^^^^^^^^^
  File "/opt/homebrew/Cellar/python@3.14/3.14.3_1/Frameworks/Python.framework/Versions/3.14/lib/python3.14/asyncio/tasks.py", line 487, in wait_for
    async with timeouts.timeout(timeout):
               ~~~~~~~~~~~~~~~~^^^^^^^^^
  File "/opt/homebrew/Cellar/python@3.14/3.14.3_1/Frameworks/Python.framework/Versions/3.14/lib/python3.14/asyncio/timeouts.py", line 114, in __aexit__
    raise TimeoutError from exc_val
TimeoutError
[2026-03-13 05:25:28] [INFO    ] discord.gateway: Shard ID None session has been invalidated.
[2026-03-13 05:25:34] [INFO    ] discord.gateway: Shard ID None has connected to Gateway (Session ID: 0ef0915a2c6b771ebd0c09c19bda0b93).
[2026-03-13 05:47:04] [INFO    ] discord.gateway: Shard ID None session has been invalidated.
[2026-03-13 05:47:10] [INFO    ] discord.gateway: Shard ID None has connected to Gateway (Session ID: cb7218addfad843770eb6f71a888f76f).
[2026-03-13 06:10:13] [INFO    ] discord.gateway: Shard ID None session has been invalidated.
[2026-03-13 06:15:11] [INFO    ] discord.gateway: Shard ID None session has been invalidated.
[2026-03-13 06:20:09] [INFO    ] discord.gateway: Shard ID None session has been invalidated.
[2026-03-13 06:49:22] [INFO    ] discord.gateway: Shard ID None session has been invalidated.
[2026-03-13 06:50:07] [INFO    ] discord.gateway: Shard ID None has connected to Gateway (Session ID: 857fc3cd4c53d5d298a9aca94f6e68fb).
[2026-03-13 07:17:42] [INFO    ] discord.gateway: Shard ID None session has been invalidated.
[2026-03-13 08:05:40] [ERROR   ] discord.client: Attempting a reconnect in 445.37s
Traceback (most recent call last):
  File "/Users/joshua/repos/WiseBot/bot-env/lib/python3.14/site-packages/aiohttp/connector.py", line 1562, in _create_direct_connection
    hosts = await self._resolve_host(host, port, traces=traces)
            ^^^^^^^^^^^^^^^^^^^^^^^^^^^^^^^^^^^^^^^^^^^^^^^^^^^
  File "/Users/joshua/repos/WiseBot/bot-env/lib/python3.14/site-packages/aiohttp/connector.py", line 1178, in _resolve_host
    return await asyncio.shield(resolved_host_task)
           ^^^^^^^^^^^^^^^^^^^^^^^^^^^^^^^^^^^^^^^^
  File "/Users/joshua/repos/WiseBot/bot-env/lib/python3.14/site-packages/aiohttp/connector.py", line 1209, in _resolve_host_with_throttle
    addrs = await self._resolver.resolve(host, port, family=self._family)
            ^^^^^^^^^^^^^^^^^^^^^^^^^^^^^^^^^^^^^^^^^^^^^^^^^^^^^^^^^^^^^
  File "/Users/joshua/repos/WiseBot/bot-env/lib/python3.14/site-packages/aiohttp/resolver.py", line 40, in resolve
    infos = await self._loop.getaddrinfo(
            ^^^^^^^^^^^^^^^^^^^^^^^^^^^^^
    ...<5 lines>...
    )
    ^
  File "/opt/homebrew/Cellar/python@3.14/3.14.3_1/Frameworks/Python.framework/Versions/3.14/lib/python3.14/asyncio/base_events.py", line 936, in getaddrinfo
    return await self.run_in_executor(
           ^^^^^^^^^^^^^^^^^^^^^^^^^^^
        None, getaddr_func, host, port, family, type, proto, flags)
        ^^^^^^^^^^^^^^^^^^^^^^^^^^^^^^^^^^^^^^^^^^^^^^^^^^^^^^^^^^^
  File "/opt/homebrew/Cellar/python@3.14/3.14.3_1/Frameworks/Python.framework/Versions/3.14/lib/python3.14/concurrent/futures/thread.py", line 86, in run
    result = ctx.run(self.task)
  File "/opt/homebrew/Cellar/python@3.14/3.14.3_1/Frameworks/Python.framework/Versions/3.14/lib/python3.14/concurrent/futures/thread.py", line 73, in run
    return fn(*args, **kwargs)
  File "/opt/homebrew/Cellar/python@3.14/3.14.3_1/Frameworks/Python.framework/Versions/3.14/lib/python3.14/socket.py", line 983, in getaddrinfo
    for res in _socket.getaddrinfo(host, port, family, type, proto, flags):
               ~~~~~~~~~~~~~~~~~~~^^^^^^^^^^^^^^^^^^^^^^^^^^^^^^^^^^^^^^^^
socket.gaierror: [Errno 8] nodename nor servname provided, or not known

The above exception was the direct cause of the following exception:

Traceback (most recent call last):
  File "/Users/joshua/repos/WiseBot/bot-env/lib/python3.14/site-packages/discord/client.py", line 724, in connect
    self.ws = await asyncio.wait_for(coro, timeout=60.0)
              ^^^^^^^^^^^^^^^^^^^^^^^^^^^^^^^^^^^^^^^^^^
  File "/opt/homebrew/Cellar/python@3.14/3.14.3_1/Frameworks/Python.framework/Versions/3.14/lib/python3.14/asyncio/tasks.py", line 488, in wait_for
    return await fut
           ^^^^^^^^^
  File "/Users/joshua/repos/WiseBot/bot-env/lib/python3.14/site-packages/discord/gateway.py", line 383, in from_client
    socket = await client.http.ws_connect(str(url))
             ^^^^^^^^^^^^^^^^^^^^^^^^^^^^^^^^^^^^^^
  File "/Users/joshua/repos/WiseBot/bot-env/lib/python3.14/site-packages/discord/http.py", line 566, in ws_connect
    return await self.__session.ws_connect(url, **kwargs)
           ^^^^^^^^^^^^^^^^^^^^^^^^^^^^^^^^^^^^^^^^^^^^^^
  File "/Users/joshua/repos/WiseBot/bot-env/lib/python3.14/site-packages/aiohttp/client.py", line 1076, in _ws_connect
    resp = await self.request(
           ^^^^^^^^^^^^^^^^^^^
    ...<11 lines>...
    )
    ^
  File "/Users/joshua/repos/WiseBot/bot-env/lib/python3.14/site-packages/aiohttp/client.py", line 779, in _request
    resp = await handler(req)
           ^^^^^^^^^^^^^^^^^^
  File "/Users/joshua/repos/WiseBot/bot-env/lib/python3.14/site-packages/aiohttp/client.py", line 734, in _connect_and_send_request
    conn = await self._connector.connect(
           ^^^^^^^^^^^^^^^^^^^^^^^^^^^^^^
        req, traces=traces, timeout=real_timeout
        ^^^^^^^^^^^^^^^^^^^^^^^^^^^^^^^^^^^^^^^^
    )
    ^
  File "/Users/joshua/repos/WiseBot/bot-env/lib/python3.14/site-packages/aiohttp/connector.py", line 672, in connect
    proto = await self._create_connection(req, traces, timeout)
            ^^^^^^^^^^^^^^^^^^^^^^^^^^^^^^^^^^^^^^^^^^^^^^^^^^^
  File "/Users/joshua/repos/WiseBot/bot-env/lib/python3.14/site-packages/aiohttp/connector.py", line 1239, in _create_connection
    _, proto = await self._create_direct_connection(req, traces, timeout)
               ^^^^^^^^^^^^^^^^^^^^^^^^^^^^^^^^^^^^^^^^^^^^^^^^^^^^^^^^^^
  File "/Users/joshua/repos/WiseBot/bot-env/lib/python3.14/site-packages/aiohttp/connector.py", line 1568, in _create_direct_connection
    raise ClientConnectorDNSError(req.connection_key, exc) from exc
aiohttp.client_exceptions.ClientConnectorDNSError: Cannot connect to host gateway-us-east1-d.discord.gg:443 ssl:default [nodename nor servname provided, or not known]
